// Jest Snapshot v1, https://goo.gl/fbAQLP

exports[`Auth component should be rendered properly 1`] = `
<div>
  <button
    onClick={[Function]}
    type="button"
  >
    Click Me!
  </button>
</div>
`;
